Arguments: 
  C:\Program Files\nodejs\node.exe C:\Users\rickg\AppData\Roaming\npm\node_modules\yarn\bin\yarn.js

PATH: 
  C:\Program Files (x86)\Razer Chroma SDK\bin;C:\Program Files\Razer Chroma SDK\bin;C:\Program Files (x86)\Razer\ChromaBroadcast\bin;C:\Program Files\Razer\ChromaBroadcast\bin;C:\Program Files (x86)\Common Files\Oracle\Java\javapath;C:\Program Files\Oculus\Support\oculus-runtime;C:\Windows\system32;C:\Windows;C:\Windows\System32\Wbem;C:\Windows\System32\WindowsPowerShell\v1.0\;C:\Windows\System32\OpenSSH\;C:\Program Files\Git\cmd;C:\Windows\system32\config\systemprofile\AppData\Local\Microsoft\WindowsApps;C:\Users\rickg\AppData\Local\Microsoft\WindowsApps;C:\Users\rickg\AppData\Local\Programs\Microsoft VS Code\bin;C:\Users\rickg\AppData\Roaming\npm;C:\Program Files\dotnet\;C:\Program Files\nodejs\;C:\Users\rickg\AppData\Local\Microsoft\WindowsApps;;C:\Users\rickg\AppData\Local\Programs\Microsoft VS Code\bin;C:\Users\rickg\AppData\Local\Microsoft\WinGet\Packages\Schniz.fnm_Microsoft.Winget.Source_8wekyb3d8bbwe;C:\Users\rickg\AppData\Roaming\npm

Yarn version: 
  1.22.19

Node version: 
  20.16.0

Platform: 
  win32 x64

Trace: 
  Error: EPERM: operation not permitted, unlink 'C:\Users\rickg\projects\portfolio\node_modules\@esbuild\win32-x64\esbuild.exe'

npm manifest: 
  {
  	"name": "portfolio",
  	"version": "0.0.1",
  	"scripts": {
  		"dev": "vite dev -- --open",
  		"build": "vite build",
  		"preview": "vite preview",
  		"test": "playwright test",
  		"check": "svelte-kit sync && svelte-check --tsconfig ./tsconfig.json",
  		"check:watch": "svelte-kit sync && svelte-check --tsconfig ./tsconfig.json --watch",
  		"lint": "prettier --plugin-search-dir . --check . && eslint .",
  		"format": "prettier --plugin-search-dir . --write ."
  	},
  	"devDependencies": {
  		"@fontsource/fira-mono": "^4.5.10",
  		"@neoconfetti/svelte": "^1.0.0",
  		"@playwright/test": "^1.28.1",
  		"@sveltejs/adapter-auto": "^3.0.0",
  		"@sveltejs/adapter-static": "^3.0.0",
  		"@sveltejs/kit": "^2.0.0",
  		"@sveltejs/vite-plugin-svelte": "^3.0.0",
  		"@types/cookie": "^0.5.1",
  		"@typescript-eslint/eslint-plugin": "^5.45.0",
  		"@typescript-eslint/parser": "^5.45.0",
  		"eslint": "^8.28.0",
  		"eslint-config-prettier": "^8.5.0",
  		"eslint-plugin-svelte3": "^4.0.0",
  		"prettier": "^2.8.0",
  		"prettier-plugin-svelte": "^2.10.1",
  		"sass": "^1.57.1",
  		"svelte": "^4.0.0",
  		"svelte-adapter-firebase": "^0.15.0",
  		"svelte-check": "^3.4.3",
  		"tslib": "^2.4.1",
  		"typescript": "^5.0.0",
  		"vite": "^5.0.0"
  	},
  	"type": "module",
  	"dependencies": {
  		"firebase": "^9.15.0",
  		"vanilla-tilt": "^1.8.1"
  	}
  }

yarn manifest: 
  No manifest

Lockfile: 
  No lockfile
